
> bbdl-frontend@0.0.7 build
> REACT_APP_VERSION=$npm_package_version react-scripts build

Creating an optimized production build...
Failed to compile.

Attempted import error: 'TeamIcon' is not exported from '../common/TeamIcon' (imported as 'TeamIcon').


